[backblue.gif]
[fade.gif]
[index.html]
[phrikmedia.com.ng/newswing/images/favicon.png]
[phrikmedia.com.ng/newswing/images/home12-img-1.png]
[phrikmedia.com.ng/newswing/js/jquery.min.js]
[phrikmedia.com.ng/newswing/js/lightgallery-all.min.js]
[phrikmedia.com.ng/newswing/js/jquery.isotope.min.js]
[phrikmedia.com.ng/newswing/js/owl.carousel.min.js]
[phrikmedia.com.ng/newswing/js/easypiechart.min.js]
[phrikmedia.com.ng/newswing/js/jquery.countdown.min.js]
[phrikmedia.com.ng/newswing/js/scripts.js]
[phrikmedia.com.ng/newswing/js/contact.js]
[phrikmedia.com.ng/newswing/js/royal_preloader.min.js]
[phrikmedia.com.ng/newswing/index.html]
[phrikmedia.com.ng/newswing/css/bootstrap.min.css]
[phrikmedia.com.ng/newswing/fonts/fa-brands-400.eot]
[phrikmedia.com.ng/newswing/fonts/fa-brands-400d41d.eot]
[phrikmedia.com.ng/newswing/fonts/fa-brands-400.woff2]
[phrikmedia.com.ng/newswing/fonts/fa-brands-400.woff]
[phrikmedia.com.ng/newswing/fonts/fa-brands-400.ttf]
[phrikmedia.com.ng/newswing/fonts/fa-regular-400.eot]
[phrikmedia.com.ng/newswing/fonts/fa-regular-400d41d.eot]
[phrikmedia.com.ng/newswing/fonts/fa-regular-400.woff2]
[phrikmedia.com.ng/newswing/fonts/fa-regular-400.woff]
[phrikmedia.com.ng/newswing/fonts/fa-regular-400.ttf]
[phrikmedia.com.ng/newswing/fonts/fa-solid-900.eot]
[phrikmedia.com.ng/newswing/fonts/fa-solid-900d41d.eot]
[phrikmedia.com.ng/newswing/fonts/fa-solid-900.woff2]
[phrikmedia.com.ng/newswing/fonts/fa-solid-900.woff]
[phrikmedia.com.ng/newswing/fonts/fa-solid-900.ttf]
[phrikmedia.com.ng/newswing/css/font-awesome.min.css]
[phrikmedia.com.ng/newswing/fonts/Flaticon.eot]
[phrikmedia.com.ng/newswing/fonts/Flaticond41d.eot]
[phrikmedia.com.ng/newswing/fonts/Flaticon.woff2]
[phrikmedia.com.ng/newswing/fonts/Flaticon.woff]
[phrikmedia.com.ng/newswing/fonts/Flaticon.ttf]
[phrikmedia.com.ng/newswing/css/flaticon.css]
[phrikmedia.com.ng/newswing/css/owl.carousel.min.css]
[phrikmedia.com.ng/newswing/css/owl.theme.css]
[phrikmedia.com.ng/newswing/fonts/lgd641.eot]
[phrikmedia.com.ng/newswing/fonts/lgd41d.eot]
[phrikmedia.com.ng/newswing/fonts/lgd641.woff]
[phrikmedia.com.ng/newswing/fonts/lgd641.ttf]
[phrikmedia.com.ng/newswing/css/lightgallery.css]
[phrikmedia.com.ng/newswing/css/woocommerce.css]
[phrikmedia.com.ng/newswing/images/close.png]
[phrikmedia.com.ng/newswing/images/pheader-default.jpg]
[phrikmedia.com.ng/newswing/images/background/bg-contact.png]
[phrikmedia.com.ng/newswing/images/background/bg1-about-us.jpg]
[phrikmedia.com.ng/newswing/images/background/bg2-about-us.png]
[phrikmedia.com.ng/newswing/images/background/bg4-about-us.jpg]
[phrikmedia.com.ng/newswing/images/background/bg1-our-team.png]
[phrikmedia.com.ng/newswing/images/background/bg2-our-team.jpg]
[phrikmedia.com.ng/newswing/images/background/bg1-process.png]
[phrikmedia.com.ng/newswing/images/background/bg2-process.png]
[phrikmedia.com.ng/newswing/images/background/bg3-process.png]
[phrikmedia.com.ng/newswing/images/background/bg1-philosophy.png]
[phrikmedia.com.ng/newswing/images/background/bg4-philosophy.png]
[phrikmedia.com.ng/newswing/images/background/bg2-philosophy.png]
[phrikmedia.com.ng/newswing/images/background/bg3-philosophy.png]
[phrikmedia.com.ng/newswing/images/background/bg1-icon-pricing.png]
[phrikmedia.com.ng/newswing/images/background/bg2-icon-pricing.png]
[phrikmedia.com.ng/newswing/images/background/bg3-icon-pricing.png]
[phrikmedia.com.ng/newswing/images/background/bg-careers.jpg]
[phrikmedia.com.ng/newswing/images/background/bg-faq.png]
[phrikmedia.com.ng/newswing/images/background/bg-coming-soon.jpg]
[phrikmedia.com.ng/newswing/images/background/service-bg-v1.jpg]
[phrikmedia.com.ng/newswing/images/background/bg-service-v2.png]
[phrikmedia.com.ng/newswing/images/background/service-bg-v3-1.png]
[phrikmedia.com.ng/newswing/images/background/bg-wservices.jpg]
[phrikmedia.com.ng/newswing/style.css]
[phrikmedia.com.ng/newswing/images/background/bg1-home1.png]
[phrikmedia.com.ng/newswing/images/background/bg3-home1.png]
[phrikmedia.com.ng/newswing/images/background/bg4-home1.png]
[phrikmedia.com.ng/newswing/css/home.css]
[phrikmedia.com.ng/newswing/css/royal-preload.css]
[phrikmedia.com.ng/newswing/index-2.html]
[phrikmedia.com.ng/newswing/images/logo.svg]
[phrikmedia.com.ng/newswing/images/home12-img-2.png]
[phrikmedia.com.ng/newswing/images/home14-img-1.png]
[phrikmedia.com.ng/newswing/branding-startup.html]
[phrikmedia.com.ng/newswing/images/image2-about-us.png]
[phrikmedia.com.ng/newswing/images/image1-about-us.png]
[via.placeholder.com/720x544.png]
[phrikmedia.com.ng/newswing/images/service-list-8.jpg]
[phrikmedia.com.ng/newswing/images/image2-home8.png]
[via.placeholder.com/720x542.png]
[via.placeholder.com/720x351.png]
[via.placeholder.com/240x240.png]
[phrikmedia.com.ng/newswing/about-us.html]
[via.placeholder.com/647x477.png]
[via.placeholder.com/567x573.png]
[via.placeholder.com/705x504.png]
[phrikmedia.com.ng/newswing/our-process.html]
[via.placeholder.com/1170x658.png]
[via.placeholder.com/412x549.png]
[phrikmedia.com.ng/newswing/our-philosophy.html]
[phrikmedia.com.ng/newswing/careers.html]
[via.placeholder.com/286x346.png]
[phrikmedia.com.ng/newswing/careers-detailt.html]
[phrikmedia.com.ng/newswing/job-apply.html]
[phrikmedia.com.ng/newswing/faq.html]
[via.placeholder.com/870x600.png]
[via.placeholder.com/570x420.png]
[phrikmedia.com.ng/newswing/business-strategy.html]
[via.placeholder.com/850x560.png]
[phrikmedia.com.ng/newswing/friendly-support.html]
[phrikmedia.com.ng/newswing/managed-spend.html]
[via.placeholder.com/320x320.png]
[phrikmedia.com.ng/newswing/protection-stages.html]
[phrikmedia.com.ng/newswing/research-discovery.html]
[phrikmedia.com.ng/newswing/leadmgt.html]
[phrikmedia.com.ng/newswing/service-acceleration.html]
[phrikmedia.com.ng/newswing/ui-ux.html]
[phrikmedia.com.ng/newswing/services-1.html]
[via.placeholder.com/550x464.png]
[via.placeholder.com/570x466.png]
[phrikmedia.com.ng/newswing/services-2.html]
[phrikmedia.com.ng/newswing/pricing.html]
[phrikmedia.com.ng/newswing/contact.html]
[via.placeholder.com/825x381.png]
[phrikmedia.com.ng/newswing/404-error.html]
[phrikmedia.com.ng/newswing/cooming-soon.html]
[phrikmedia.com.ng/newswing/services-v1.html]
[via.placeholder.com/715x539.png]
[via.placeholder.com/60x60.png]
[phrikmedia.com.ng/newswing/services-3.html]
[phrikmedia.com.ng/newswing/fonts/fa-brands-400.svg]
[phrikmedia.com.ng/newswing/fonts/fa-regular-400.svg]
[phrikmedia.com.ng/newswing/fonts/fa-solid-900.svg]
[phrikmedia.com.ng/newswing/fonts/Flaticon.svg]
[phrikmedia.com.ng/newswing/css/owl.video.play.html]
[phrikmedia.com.ng/newswing/fonts/lgd641.svg]
[phrikmedia.com.ng/newswing/img/vimeo-play.html]
[phrikmedia.com.ng/newswing/img/video-play.html]
[phrikmedia.com.ng/newswing/img/youtube-play.html]
[phrikmedia.com.ng/newswing/images/loading.html]
[phrikmedia.com.ng/newswing/client_link.html]
[phrikmedia.com.ng/newswing/facebook.html]
[phrikmedia.com.ng/newswing/instagram.html]
[phrikmedia.com.ng/newswing/linkedin.html]
